Γû▓ Next.js 16.1.4 (Turbopack)
- Environments: .env.local

  Creating an optimized production build ...
node.exe : 
At line:1 char:1
+ & "C:\Program 
Files\nodejs/node.exe" 
"C:\Program 
Files\nodejs/node_mo 
...
+ ~~~~~~~~~~~~~~~~~~~~~
~~~~~~~~~~~~~~~~~~~~~~~
~~~~~~~~~~~~~~~~~~~~~~~
~~
    + CategoryInfo     
         : NotSpecifi  
  ed: (:String) [],    
 RemoteException
    + FullyQualifiedEr 
   rorId : NativeComm  
  andError
 
> Build error occurred
Error: Turbopack build 
failed with 1 errors:
./src/lib/uploadImage.t
s:3:1
Module not found: 
Can't resolve 'browser-
image-compression'
[0m [90m 1 |[39m 
[36mimport[39m { 
ref[33m,[39m uploadBy
tesResumable[33m,[39m
 getDownloadURL } 
[36mfrom[39m [32m"fi
rebase/storage"[39m[3
3m;[39m
 [90m 2 |[39m 
[36mimport[39m { 
storage } 
[36mfrom[39m [32m"./
firebase"[39m[33m;[3
9m
[31m[1m>[22m[39m[9
0m 3 |[39m 
[36mimport[39m 
imageCompression 
[36mfrom[39m [32m"br
owser-image-compression
"[39m[33m;[39m
 [90m   |[39m [31m[
1m^[22m[39m[31m[1m^
[22m[39m[31m[1m^[2
2m[39m[31m[1m^[22m
[39m[31m[1m^[22m[39
m[31m[1m^[22m[39m[
31m[1m^[22m[39m[31m
[1m^[22m[39m[31m[1
m^[22m[39m[31m[1m^
[22m[39m[31m[1m^[22
m[39m[31m[1m^[22m[
39m[31m[1m^[22m[39m
[31m[1m^[22m[39m[3
1m[1m^[22m[39m[31m
[1m^[22m[39m[31m[1m
^[22m[39m[31m[1m^[
22m[39m[31m[1m^[22m
[39m[31m[1m^[22m[3
9m[31m[1m^[22m[39m
[31m[1m^[22m[39m[31
m[1m^[22m[39m[31m[
1m^[22m[39m[31m[1m^
[22m[39m[31m[1m^[2
2m[39m[31m[1m^[22m
[39m[31m[1m^[22m[39
m[31m[1m^[22m[39m[
31m[1m^[22m[39m[31m
[1m^[22m[39m[31m[1
m^[22m[39m[31m[1m^
[22m[39m[31m[1m^[22
m[39m[31m[1m^[22m[
39m[31m[1m^[22m[39m
[31m[1m^[22m[39m[3
1m[1m^[22m[39m[31m
[1m^[22m[39m[31m[1m
^[22m[39m[31m[1m^[
22m[39m[31m[1m^[22m
[39m[31m[1m^[22m[3
9m[31m[1m^[22m[39m
[31m[1m^[22m[39m[31
m[1m^[22m[39m[31m[
1m^[22m[39m[31m[1m^
[22m[39m[31m[1m^[2
2m[39m[31m[1m^[22m
[39m[31m[1m^[22m[39
m[31m[1m^[22m[39m[
31m[1m^[22m[39m[31m
[1m^[22m[39m[31m[1
m^[22m[39m[31m[1m^
[22m[39m[31m[1m^[22
m[39m
 [90m 4 |[39m
 [90m 5 |[39m 
[90m/**[39m
 [90m 6 |[39m [90m 
* Compresses an image 
and uploads it to 
Firebase 
Storage.[39m[0m



Import traces:
  Client Component 
Browser:
    ./src/lib/uploadIma
ge.ts [Client 
Component Browser]
    ./src/app/dashboard
/admin/blog/create/page
.tsx [Client Component 
Browser]
    ./src/app/dashboard
/admin/blog/create/page
.tsx [Server Component]

  Client Component SSR:
    ./src/lib/uploadIma
ge.ts [Client 
Component SSR]
    ./src/app/dashboard
/admin/blog/create/page
.tsx [Client Component 
SSR]
    ./src/app/dashboard
/admin/blog/create/page
.tsx [Server Component]

https://nextjs.org/docs
/messages/module-not-fo
und


    at <unknown> (./src
/lib/uploadImage.ts:3:1
)
    at <unknown> (https
://nextjs.org/docs/mess
ages/module-not-found)
